command task 2


task 1

Microsoft Windows [Version 10.0.26200.8655]
(c) Microsoft Corporation. All rights reserved.

C:\Users\Mohammed Said>mkdir pro

C:\Users\Mohammed Said>cd pro

C:\Users\Mohammed Said\pro> git init
Initialized empty Git repository in C:/Users/Mohammed Said/pro/.git/

C:\Users\Mohammed Said\pro> git status
On branch master

No commits yet

nothing to commit (create/copy files and use "git add" to track)

C:\Users\Mohammed Said\pro> git remote -v

C:\Users\Mohammed Said\pro> git remote add origin <repository-url>
The syntax of the command is incorrect.

C:\Users\Mohammed Said\pro> git remote add origin  https://github.com/company/project.git

C:\Users\Mohammed Said\pro> git remote -v
origin  https://github.com/company/project.git (fetch)
origin  https://github.com/company/project.git (push)

C:\Users\Mohammed Said\pro>
-------------------------------------------------------------

task 2

Microsoft Windows [Version 10.0.26200.8655]
(c) Microsoft Corporation. All rights reserved.

C:\Users\Mohammed Said> mkdir proj12

C:\Users\Mohammed Said>cd proj12

C:\Users\Mohammed Said\proj12>git init
Initialized empty Git repository in C:/Users/Mohammed Said/proj12/.git/

C:\Users\Mohammed Said\proj12>git status
On branch master

No commits yet

nothing to commit (create/copy files and use "git add" to track)

C:\Users\Mohammed Said\proj12> type nul > about.html

C:\Users\Mohammed Said\proj12> git status
On branch master

No commits yet

Untracked files:
  (use "git add <file>..." to include in what will be committed)
        about.html

nothing added to commit but untracked files present (use "git add" to track)

C:\Users\Mohammed Said\proj12> add about.html
'add' is not recognized as an internal or external command,
operable program or batch file.

C:\Users\Mohammed Said\proj12> git add about.html

C:\Users\Mohammed Said\proj12> git commit -m "hello yp proj12"
[master (root-commit) 04f6f60] hello yp proj12
 1 file changed, 0 insertions(+), 0 deletions(-)
 create mode 100644 about.html

C:\Users\Mohammed Said\proj12> git push origin main
error: src refspec main does not match any
error: failed to push some refs to 'origin'

C:\Users\Mohammed Said\proj12> git status
On branch master
nothing to commit, working tree clean

C:\Users\Mohammed Said\proj12>

---------------------------------------------------
task 3
C:\Users\Mohammed Said> mkdir localproj

C:\Users\Mohammed Said>cd localproj

C:\Users\Mohammed Said\localproj> git init
Initialized empty Git repository in C:/Users/Mohammed Said/localproj/.git/

C:\Users\Mohammed Said\localproj>git status
On branch master

No commits yet

nothing to commit (create/copy files and use "git add" to track)

C:\Users\Mohammed Said\localproj> git remote -v

C:\Users\Mohammed Said\localproj> git remote add origin https://github.com/company/project.git

C:\Users\Mohammed Said\localproj> type nul > services.html

C:\Users\Mohammed Said\localproj> git add services.html

C:\Users\Mohammed Said\localproj> git commit -m "magnoona"
[master (root-commit) 2b14c88] magnoona
 1 file changed, 0 insertions(+), 0 deletions(-)
 create mode 100644 services.html

C:\Users\Mohammed Said\localproj> git status
On branch master
nothing to commit, working tree clean

C:\Users\Mohammed Said\localproj>
-----------------------------------------------------------
task 4


C:\Users\Mohammed Said> mkdir webpro

C:\Users\Mohammed Said> cd webpro

C:\Users\Mohammed Said\webpro> git init
Initialized empty Git repository in C:/Users/Mohammed Said/webpro/.git/

C:\Users\Mohammed Said\webpro> git status
On branch master

No commits yet

nothing to commit (create/copy files and use "git add" to track)

C:\Users\Mohammed Said\webpro> git remote -v

C:\Users\Mohammed Said\webpro> git pull origin main
fatal: 'origin' does not appear to be a git repository
fatal: Could not read from remote repository.

Please make sure you have the correct access rights
and the repository exists.

C:\Users\Mohammed Said\webpro> type nul > contact.html

C:\Users\Mohammed Said\webpro> git status
On branch master

No commits yet

Untracked files:
  (use "git add <file>..." to include in what will be committed)
        contact.html

nothing added to commit but untracked files present (use "git add" to track)

C:\Users\Mohammed Said\webpro> git add contact.html

C:\Users\Mohammed Said\webpro> git commit -m "Add contact page"
[master (root-commit) a662ee1] Add contact page
 1 file changed, 0 insertions(+), 0 deletions(-)
 create mode 100644 contact.html

C:\Users\Mohammed Said\webpro> git push origin main
error: src refspec main does not match any
error: failed to push some refs to 'origin'

C:\Users\Mohammed Said\webpro> git status
On branch master
nothing to commit, working tree clean

C:\Users\Mohammed Said\webpro>
--------------------------------------------------------------

task 5


C:\Users\Mohammed Said> mkdir proj3

C:\Users\Mohammed Said>cd proj3

C:\Users\Mohammed Said\proj3> git init
Initialized empty Git repository in C:/Users/Mohammed Said/proj3/.git/

C:\Users\Mohammed Said\proj3> git status
On branch master

No commits yet

nothing to commit (create/copy files and use "git add" to track)

C:\Users\Mohammed Said\proj3> git remote -v

C:\Users\Mohammed Said\proj3> git remote add origin https://github.com/EngIshaqalbalushi/Red.git

C:\Users\Mohammed Said\proj3> git remote -v
origin  https://github.com/EngIshaqalbalushi/Red.git (fetch)
origin  https://github.com/EngIshaqalbalushi/Red.git (push)

C:\Users\Mohammed Said\proj3> git pull origin master
remote: Enumerating objects: 5, done.
remote: Counting objects: 100% (5/5), done.
remote: Compressing objects: 100% (3/3), done.
remote: Total 5 (delta 0), reused 5 (delta 0), pack-reused 0 (from 0)
Unpacking objects: 100% (5/5), 457 bytes | 30.00 KiB/s, done.
From https://github.com/EngIshaqalbalushi/Red
 * branch            master     -> FETCH_HEAD
 * [new branch]      master     -> origin/master

C:\Users\Mohammed Said\proj3> git status
On branch master
nothing to commit, working tree clean

C:\Users\Mohammed Said\proj3>

---------------------------------------------
task 7 Microsoft Windows [Version 10.0.26200.8655]
Microsoft Windows [Version 10.0.26200.8655]
(c) Microsoft Corporation. All rights reserved.

C:\Users\Mohammed Said> mkdir proj5

C:\Users\Mohammed Said> cd ptoj5
The system cannot find the path specified.

C:\Users\Mohammed Said> cd proj5

C:\Users\Mohammed Said\proj5> git init
Initialized empty Git repository in C:/Users/Mohammed Said/proj5/.git/

C:\Users\Mohammed Said\proj5>git status
On branch master

No commits yet

nothing to commit (create/copy files and use "git add" to track)

C:\Users\Mohammed Said\proj5>git remote -v

C:\Users\Mohammed Said\proj5>git remote add origin https://github.com/username/company-website.git

C:\Users\Mohammed Said\proj5>git remote -v
origin  https://github.com/username/company-website.git (fetch)
origin  https://github.com/username/company-website.git (push)

C:\Users\Mohammed Said\proj5>type nul > index.html

C:\Users\Mohammed Said\proj5>type nul > about.html

C:\Users\Mohammed Said\proj5>type nul > services.html

C:\Users\Mohammed Said\proj5>type nul > contact.html

C:\Users\Mohammed Said\proj5>

C:\Users\Mohammed Said\proj5>

C:\Users\Mohammed Said\proj5>git status
On branch master

No commits yet

Untracked files:
  (use "git add <file>..." to include in what will be committed)
        about.html
        contact.html
        index.html
        services.html

nothing added to commit but untracked files present (use "git add" to track)

C:\Users\Mohammed Said\proj5> git add about.html contact.html index.html srevices.html
fatal: pathspec 'srevices.html' did not match any files

C:\Users\Mohammed Said\proj5> git commit -m "Add website pages"
On branch master

Initial commit

Untracked files:
  (use "git add <file>..." to include in what will be committed)
        about.html
        contact.html
        index.html
        services.html

nothing added to commit but untracked files present (use "git add" to track)

C:\Users\Mohammed Said\proj5> git push -u origin main
error: src refspec main does not match any
error: failed to push some refs to 'https://github.com/username/company-website.git'

C:\Users\Mohammed Said\proj5>git push -u
fatal: The current branch master has no upstream branch.
To push the current branch and set the remote as upstream, use

    git push --set-upstream origin master

To have this happen automatically for branches without a tracking
upstream, see 'push.autoSetupRemote' in 'git help config'.


C:\Users\Mohammed Said\proj5> git add about.html contact.html index.html services.html

C:\Users\Mohammed Said\proj5> git commit -m "Add initial project files"
[master (root-commit) 4c4604a] Add initial project files
 4 files changed, 0 insertions(+), 0 deletions(-)
 create mode 100644 about.html
 create mode 100644 contact.html
 create mode 100644 index.html
 create mode 100644 services.html

C:\Users\Mohammed Said\proj5>git push -u
fatal: The current branch master has no upstream branch.
To push the current branch and set the remote as upstream, use

    git push --set-upstream origin master

To have this happen automatically for branches without a tracking
upstream, see 'push.autoSetupRemote' in 'git help config'.


C:\Users\Mohammed Said\proj5> git status
On branch master
nothing to commit, working tree clean

C:\Users\Mohammed Said\proj5> git commit -m "I can also format it exactly like your document"
On branch master
nothing to commit, working tree clean

C:\Users\Mohammed Said\proj5>git status
On branch master
nothing to commit, working tree clean

C:\Users\Mohammed Said\proj5>

---------------------------------------------------------------------------

task 8
:\Users\Mohammed Said>mkdir proj6

C:\Users\Mohammed Said>cd proj6

C:\Users\Mohammed Said\proj6> git init
Initialized empty Git repository in C:/Users/Mohammed Said/proj6/.git/

C:\Users\Mohammed Said\proj6>git status
On branch master

No commits yet

nothing to commit (create/copy files and use "git add" to track)

C:\Users\Mohammed Said\proj6>git remote -v

C:\Users\Mohammed Said\proj6>git pull origin main
fatal: 'origin' does not appear to be a git repository
fatal: Could not read from remote repository.

Please make sure you have the correct access rights
and the repository exists.

C:\Users\Mohammed Said\proj6>
C:\Users\Mohammed Said\proj6>type nul > team.html

C:\Users\Mohammed Said\proj6>git status
On branch master

No commits yet

Untracked files:
  (use "git add <file>..." to include in what will be committed)
        team.html

nothing added to commit but untracked files present (use "git add" to track)

C:\Users\Mohammed Said\proj6> git add team.html

C:\Users\Mohammed Said\proj6>git commit -m "Add team page"
[master (root-commit) 7e8c642] Add team page
 1 file changed, 0 insertions(+), 0 deletions(-)
 create mode 100644 team.html

C:\Users\Mohammed Said\proj6>git push origin main
error: src refspec main does not match any
error: failed to push some refs to 'origin'

C:\Users\Mohammed Said\proj6> get push
'get' is not recognized as an internal or external command,
operable program or batch file.

C:\Users\Mohammed Said\proj6> git push
fatal: No configured push destination.
Either specify the URL from the command-line or configure a remote repository using

    git remote add <name> <url>

and then push using the remote name

    git push <name>


C:\Users\Mohammed Said\proj6> git status
On branch master
nothing to commit, working tree clean

C:\Users\Mohammed Said\proj6>
---------------------------------------------------------
task 9


C:\Users\Mohammed Said>
C:\Users\Mohammed Said> mkdir new

C:\Users\Mohammed Said>cd new

C:\Users\Mohammed Said\new>git init
Initialized empty Git repository in C:/Users/Mohammed Said/new/.git/

C:\Users\Mohammed Said\new>git status
On branch master

No commits yet

nothing to commit (create/copy files and use "git add" to track)

C:\Users\Mohammed Said\new>git remote add origin https://github.com/username/company-project.git

C:\Users\Mohammed Said\new>type nul > index.html

C:\Users\Mohammed Said\new>type nul > style.css

C:\Users\Mohammed Said\new>type nul > script.js

C:\Users\Mohammed Said\new>type nul > README.md

C:\Users\Mohammed Said\new>git status
On branch master

No commits yet

Untracked files:
  (use "git add <file>..." to include in what will be committed)
        README.md
        index.html
        script.js
        style.css

nothing added to commit but untracked files present (use "git add" to track)

C:\Users\Mohammed Said\new> git add -A

C:\Users\Mohammed Said\new>git commit -m "Initial project commit"
[master (root-commit) e38cd8d] Initial project commit
 4 files changed, 0 insertions(+), 0 deletions(-)
 create mode 100644 README.md
 create mode 100644 index.html
 create mode 100644 script.js
 create mode 100644 style.css

C:\Users\Mohammed Said\new> git status
On branch master
nothing to commit, working tree clean

C:\Users\Mohammed Said\new>git push -u origin main
error: src refspec main does not match any
error: failed to push some refs to 'https://github.com/username/company-project.git'

C:\Users\Mohammed Said\new>git push -u
fatal: The current branch master has no upstream branch.
To push the current branch and set the remote as upstream, use

    git push --set-upstream origin master

To have this happen automatically for branches without a tracking
upstream, see 'push.autoSetupRemote' in 'git help config'.


C:\Users\Mohammed Said\new> git status
On branch master
nothing to commit, working tree clean

C:\Users\Mohammed Said\new>git push -u origin master
fatal: User cancelled dialog.
Username for 'https://github.com': uhefc8i
Password for 'https://uhefc8i@github.com':
remote: Invalid username or token. Password authentication is not supported for Git operations.
fatal: Authentication failed for 'https://github.com/username/company-project.git/'

C:\Users\Mohammed Said\new> git remote add origin https://github.com/EngMohammedtele/mohed.git
error: remote origin already exists.

C:\Users\Mohammed Said\new>git remote remove  origin

C:\Users\Mohammed Said\new> git remote add origin https://github.com/EngMohammedtele/mohed.git

C:\Users\Mohammed Said\new>git push
fatal: The current branch master has no upstream branch.
To push the current branch and set the remote as upstream, use

    git push --set-upstream origin master

To have this happen automatically for branches without a tracking
upstream, see 'push.autoSetupRemote' in 'git help config'.


C:\Users\Mohammed Said\new>   git push --set-upstream origin master
info: please complete authentication in your browser...
Enumerating objects: 3, done.
Counting objects: 100% (3/3), done.
Delta compression using up to 16 threads
Compressing objects: 100% (2/2), done.
Writing objects: 100% (3/3), 257 bytes | 257.00 KiB/s, done.
Total 3 (delta 0), reused 0 (delta 0), pack-reused 0 (from 0)
To https://github.com/EngMohammedtele/mohed.git
 * [new branch]      master -> master
branch 'master' set up to track 'origin/master'.

C:\Users\Mohammed Said\new>   git push --set-upstream origin master
branch 'master' set up to track 'origin/master'.
Everything up-to-date

C:\Users\Mohammed Said\new>git pull
remote: Enumerating objects: 11, done.
remote: Counting objects: 100% (11/11), done.
remote: Compressing objects: 100% (6/6), done.
remote: Total 9 (delta 0), reused 0 (delta 0), pack-reused 0 (from 0)
Unpacking objects: 100% (9/9), 2.78 KiB | 123.00 KiB/s, done.
From https://github.com/EngMohammedtele/mohed
   e38cd8d..4545361  master     -> origin/master
Updating e38cd8d..4545361
Fast-forward
 README.md | 1 +
 1 file changed, 1 insertion(+)

C:\Users\Mohammed Said\new>git push -u origin master
branch 'master' set up to track 'origin/master'.
Everything up-to-date

C:\Users\Mohammed Said\new>
C:\Users\Mohammed Said\new> git status
On branch master
Your branch is up to date with 'origin/master'.

nothing to commit, working tree clean

C:\Users\Mohammed Said\new>
-------------------------------------------------------------------------------------


task 10
Microsoft Windows [Version 10.0.26200.8655]
(c) Microsoft Corporation. All rights reserved.

C:\Users\Mohammed Said> mkdir proj8

C:\Users\Mohammed Said> cd proj8

C:\Users\Mohammed Said\proj8>git init
Initialized empty Git repository in C:/Users/Mohammed Said/proj8/.git/

C:\Users\Mohammed Said\proj8>git status
On branch master

No commits yet

nothing to commit (create/copy files and use "git add" to track)

C:\Users\Mohammed Said\proj8>type nul > .gitignore

C:\Users\Mohammed Said\proj8>type nul > index.html

C:\Users\Mohammed Said\proj8>type nul > style.css

C:\Users\Mohammed Said\proj8>type nul > script.js

C:\Users\Mohammed Said\proj8>type nul > README.md

C:\Users\Mohammed Said\proj8>git status
On branch master

No commits yet

Untracked files:
  (use "git add <file>..." to include in what will be committed)
        .gitignore
        README.md
        index.html
        script.js
        style.css

nothing added to commit but untracked files present (use "git add" to track)

C:\Users\Mohammed Said\proj8>git add -A

C:\Users\Mohammed Said\proj8>git commit -m "Add initial project files and gitignore"
[master (root-commit) fcd658b] Add initial project files and gitignore
 5 files changed, 3 insertions(+)
 create mode 100644 .gitignore
 create mode 100644 README.md
 create mode 100644 index.html
 create mode 100644 script.js
 create mode 100644 style.css

C:\Users\Mohammed Said\proj8>git push -u origin main
error: src refspec main does not match any
error: failed to push some refs to 'origin'

C:\Users\Mohammed Said\proj8>git status
On branch master
nothing to commit, working tree clean
















