
command task-


task 1
---------------------------------------------------------------------
Microsoft Windows [Version 10.0.26200.8655]
(c) Microsoft Corporation. All rights reserved.

C:\Users\Mohammed Said>mkdir CompanyProfile
A subdirectory or file CompanyProfile already exists.

C:\Users\Mohammed Said> mkdir CompanyProfile
A subdirectory or file CompanyProfile already exists.

C:\Users\Mohammed Said>cd CompanyProfile

C:\Users\Mohammed Said\CompanyProfile>git init
Reinitialized existing Git repository in C:/Users/Mohammed Said/CompanyProfile/.git/

C:\Users\Mohammed Said\CompanyProfile>git status
On branch master

No commits yet

nothing to commit (create/copy files and use "git add" to track)

C:\Users\Mohammed Said\CompanyProfile>type nul > index.html

C:\Users\Mohammed Said\CompanyProfile>index.html

C:\Users\Mohammed Said\CompanyProfile>git status
On branch master

No commits yet

Untracked files:
  (use "git add <file>..." to include in what will be committed)
        index.html

nothing added to commit but untracked files present (use "git add" to track)

C:\Users\Mohammed Said\CompanyProfile>git add index.html

C:\Users\Mohammed Said\CompanyProfile>git status
On branch master

No commits yet

Changes to be committed:
  (use "git rm --cached <file>..." to unstage)
        new file:   index.html


C:\Users\Mohammed Said\CompanyProfile>

--------------------------------------------------------------------------------
task 2
C:\Users\Mohammed Said\businesswebsite> cd ..

C:\Users\Mohammed Said>mkdir businessweb

C:\Users\Mohammed Said>cd businessweb

C:\Users\Mohammed Said\businessweb>git init
Initialized empty Git repository in C:/Users/Mohammed Said/businessweb/.git/

C:\Users\Mohammed Said\businessweb>git status
On branch master

No commits yet

nothing to commit (create/copy files and use "git add" to track)

C:\Users\Mohammed Said\businessweb>type nul > index.html

C:\Users\Mohammed Said\businessweb>type nul > stule.css

C:\Users\Mohammed Said\businessweb>type nul > style.css

C:\Users\Mohammed Said\businessweb>type nul > script.js

C:\Users\Mohammed Said\businessweb>git status
On branch master

No commits yet

Untracked files:
  (use "git add <file>..." to include in what will be committed)
        index.html
        script.js
        stule.css
        style.css

nothing added to commit but untracked files present (use "git add" to track)

C:\Users\Mohammed Said\businessweb>git -rm stule.css
unknown option: -rm
usage: git [-v | --version] [-h | --help] [-C <path>] [-c <name>=<value>]
           [--exec-path[=<path>]] [--html-path] [--man-path] [--info-path]
           [-p | --paginate | -P | --no-pager] [--no-replace-objects] [--no-lazy-fetch]
           [--no-optional-locks] [--no-advice] [--bare] [--git-dir=<path>]
           [--work-tree=<path>] [--namespace=<name>] [--config-env=<name>=<envvar>]
           <command> [<args>]

C:\Users\Mohammed Said\businessweb>rm stule.css
'rm' is not recognized as an internal or external command,
operable program or batch file.

C:\Users\Mohammed Said\businessweb>git status
On branch master

No commits yet

Untracked files:
  (use "git add <file>..." to include in what will be committed)
        index.html
        script.js
        style.css

nothing added to commit but untracked files present (use "git add" to track)

C:\Users\Mohammed Said\businessweb>git add --all

C:\Users\Mohammed Said\businessweb>git status
On branch master

No commits yet

Changes to be committed:
  (use "git rm --cached <file>..." to unstage)
        new file:   index.html
        new file:   script.js
        new file:   style.css


C:\Users\Mohammed Said\businessweb>

--------------------------------------------------------------------

TASK 3

C:\Users\Mohammed Said\businessweb> mkdir schoolproj

C:\Users\Mohammed Said\businessweb>cd schoolproj

C:\Users\Mohammed Said\businessweb\schoolproj>git init
Initialized empty Git repository in C:/Users/Mohammed Said/businessweb/schoolproj/.git/

C:\Users\Mohammed Said\businessweb\schoolproj>git status
On branch master

No commits yet

nothing to commit (create/copy files and use "git add" to track)

C:\Users\Mohammed Said\businessweb\schoolproj>
C:\Users\Mohammed Said\businessweb\schoolproj>type nul > index.html

C:\Users\Mohammed Said\businessweb\schoolproj>type nul > style.css

C:\Users\Mohammed Said\businessweb\schoolproj>type nul > notes.txt

C:\Users\Mohammed Said\businessweb\schoolproj>git status
On branch master

No commits yet

Untracked files:
  (use "git add <file>..." to include in what will be committed)
        index.html
        notes.txt
        style.css

nothing added to commit but untracked files present (use "git add" to track)

C:\Users\Mohammed Said\businessweb\schoolproj>git add --all or git add -A
fatal: pathspec 'or' did not match any files

C:\Users\Mohammed Said\businessweb\schoolproj>git add --all

C:\Users\Mohammed Said\businessweb\schoolproj>git status
On branch master

No commits yet

Changes to be committed:
  (use "git rm --cached <file>..." to unstage)
        new file:   index.html
        new file:   notes.txt
        new file:   style.css


C:\Users\Mohammed Said\businessweb\schoolproj>git rm --cached<file>
The syntax of the command is incorrect.

C:\Users\Mohammed Said\businessweb\schoolproj> git rm --cached <file>
The syntax of the command is incorrect.

C:\Users\Mohammed Said\businessweb\schoolproj>git rm --cached <notes.txt>
The syntax of the command is incorrect.

C:\Users\Mohammed Said\businessweb\schoolproj>git status
On branch master

No commits yet

Changes to be committed:
  (use "git rm --cached <file>..." to unstage)
        new file:   index.html
        new file:   notes.txt
        new file:   style.css


C:\Users\Mohammed Said\businessweb\schoolproj>git rm --cached notes.txt
rm 'notes.txt'

C:\Users\Mohammed Said\businessweb\schoolproj>


------------------------------------------------------------------------------------

TRSK 4

C:\Users\Mohammed Said\businessweb> mkdir companyweb

C:\Users\Mohammed Said\businessweb> cd companyweb

C:\Users\Mohammed Said\businessweb\companyweb> git init
Initialized empty Git repository in C:/Users/Mohammed Said/businessweb/companyweb/.git/

C:\Users\Mohammed Said\businessweb\companyweb>git status
On branch master

No commits yet

nothing to commit (create/copy files and use "git add" to track)

C:\Users\Mohammed Said\businessweb\companyweb>type nul > index.html

C:\Users\Mohammed Said\businessweb\companyweb> type nul > style.css

C:\Users\Mohammed Said\businessweb\companyweb> type nul > script.js

C:\Users\Mohammed Said\businessweb\companyweb> git add --all

C:\Users\Mohammed Said\businessweb\companyweb>git status
On branch master

No commits yet

Changes to be committed:
  (use "git rm --cached <file>..." to unstage)
        new file:   index.html
        new file:   script.js
        new file:   style.css


C:\Users\Mohammed Said\businessweb\companyweb> git status -s
A  index.html
A  script.js
AM style.css

C:\Users\Mohammed Said\businessweb\companyweb> git status -s
A  index.html
AD script.js
AM style.css

C:\Users\Mohammed Said\businessweb\companyweb>

C:\Users\Mohammed Said\businessweb\companyweb>git status -s
A  index.html
AD script.js
AM style.css

C:\Users\Mohammed Said\businessweb\companyweb>git status --short
A  index.html
AD script.js
AM style.css

C:\Users\Mohammed Said\businessweb\companyweb> git status  -v
On branch master

No commits yet

Changes to be committed:
  (use "git rm --cached <file>..." to unstage)
        new file:   index.html
        new file:   script.js
        new file:   style.css

Changes not staged for commit:
  (use "git add/rm <file>..." to update what will be committed)
  (use "git restore <file>..." to discard changes in working directory)
        deleted:    script.js
        modified:   style.css

diff --git a/index.html b/index.html
new file mode 100644
index 0000000..e69de29
diff --git a/script.js b/script.js
new file mode 100644
index 0000000..e69de29
diff --git a/style.css b/style.css
new file mode 100644
index 0000000..e69de29

C:\Users\Mohammed Said\businessweb\companyweb>

C:\Users\Mohammed Said\businessweb\companyweb> type nul > about.html

C:\Users\Mohammed Said\businessweb\companyweb> git status
On branch master

No commits yet

Changes to be committed:
  (use "git rm --cached <file>..." to unstage)
        new file:   index.html
        new file:   script.js
        new file:   style.css

Changes not staged for commit:
  (use "git add/rm <file>..." to update what will be committed)
  (use "git restore <file>..." to discard changes in working directory)
        deleted:    script.js
        modified:   style.css

Untracked files:
  (use "git add <file>..." to include in what will be committed)
        about.html


C:\Users\Mohammed Said\businessweb\companyweb> v
'v' is not recognized as an internal or external command,
operable program or batch file.

C:\Users\Mohammed Said\businessweb\companyweb> git status -v
On branch master

No commits yet

Changes to be committed:
  (use "git rm --cached <file>..." to unstage)
        new file:   index.html
        new file:   script.js
        new file:   style.css

Changes not staged for commit:
  (use "git add/rm <file>..." to update what will be committed)
  (use "git restore <file>..." to discard changes in working directory)
        deleted:    script.js
        modified:   style.css

Untracked files:
  (use "git add <file>..." to include in what will be committed)
        about.html

diff --git a/index.html b/index.html
new file mode 100644
index 0000000..e69de29
diff --git a/script.js b/script.js
new file mode 100644
index 0000000..e69de29
diff --git a/style.css b/style.css
new file mode 100644
index 0000000..e69de29

------------------------------------------------------------------
task 5

C:\Users\Mohammed Said\businessweb> mkdir portfolio

C:\Users\Mohammed Said\businessweb>cd portfolio

C:\Users\Mohammed Said\businessweb\portfolio>git init
Initialized empty Git repository in C:/Users/Mohammed Said/businessweb/portfolio/.git/

C:\Users\Mohammed Said\businessweb\portfolio> type null > index.html
The system cannot find the file specified.

C:\Users\Mohammed Said\businessweb\portfolio> git status
On branch master

No commits yet

Untracked files:
  (use "git add <file>..." to include in what will be committed)
        index.html

nothing added to commit but untracked files present (use "git add" to track)

C:\Users\Mohammed Said\businessweb\portfolio>type nul > style.css

C:\Users\Mohammed Said\businessweb\portfolio>type nul > about.html

C:\Users\Mohammed Said\businessweb\portfolio>git status
On branch master

No commits yet

Untracked files:
  (use "git add <file>..." to include in what will be committed)
        about.html
        index.html
        style.css

nothing added to commit but untracked files present (use "git add" to track)

C:\Users\Mohammed Said\businessweb\portfolio> echo hello >> index html

C:\Users\Mohammed Said\businessweb\portfolio>git status
On branch master

No commits yet

Untracked files:
  (use "git add <file>..." to include in what will be committed)
        about.html
        index
        index.html
        style.css

nothing added to commit but untracked files present (use "git add" to track)

C:\Users\Mohammed Said\businessweb\portfolio> git add --all

C:\Users\Mohammed Said\businessweb\portfolio>git status
On branch master

No commits yet

Changes to be committed:
  (use "git rm --cached <file>..." to unstage)
        new file:   about.html
        new file:   index
        new file:   index.html
        new file:   style.css


C:\Users\Mohammed Said\businessweb\portfolio>type nul > nnb.b

C:\Users\Mohammed Said\businessweb\portfolio> git status
On branch master

No commits yet

Changes to be committed:
  (use "git rm --cached <file>..." to unstage)
        new file:   about.html
        new file:   index
        new file:   index.html
        new file:   style.css

Untracked files:
  (use "git add <file>..." to include in what will be committed)
        nnb.b


C:\Users\Mohammed Said\businessweb\portfolio> git status -v
On branch master

No commits yet

Changes to be committed:
  (use "git rm --cached <file>..." to unstage)
        new file:   about.html
        new file:   index
        new file:   index.html
        new file:   style.css

Untracked files:
  (use "git add <file>..." to include in what will be committed)
        nnb.b

diff --git a/about.html b/about.html
new file mode 100644
index 0000000..e69de29
diff --git a/index b/index
new file mode 100644
index 0000000..65ffe0c
--- /dev/null
+++ b/index
@@ -0,0 +1 @@
+hello  html
diff --git a/index.html b/index.html
new file mode 100644
index 0000000..e69de29
diff --git a/style.css b/style.css
new file mode 100644
index 0000000..e118b31
--- /dev/null
+++ b/style.css
@@ -0,0 +1 @@
+ghghgdwdws
\ No newline at end of file

C:\Users\Mohammed Said\businessweb\portfolio>git add -A

C:\Users\Mohammed Said\businessweb\portfolio>git status
On branch master

No commits yet

Changes to be committed:
  (use "git rm --cached <file>..." to unstage)
        new file:   about.html
        new file:   index
        new file:   index.html
        new file:   nnb.b
        new file:   style.css
--------------------------------------------------------------------

task 6

Microsoft Windows [Version 10.0.26200.8655]
(c) Microsoft Corporation. All rights reserved.

C:\Users\Mohammed Said> mkdir port
A subdirectory or file port already exists.

C:\Users\Mohammed Said> cd port

C:\Users\Mohammed Said\port> git init
Initialized empty Git repository in C:/Users/Mohammed Said/port/.git/

C:\Users\Mohammed Said\port> git status
On branch master

No commits yet

Untracked files:
  (use "git add <file>..." to include in what will be committed)
        .gitignore
        app.js
        index.html
        style.css

nothing added to commit but untracked files present (use "git add" to track)

C:\Users\Mohammed Said\port>echo debug.log > .gitignore

C:\Users\Mohammed Said\port>echo temp/ >> .gitignore

C:\Users\Mohammed Said\port>type nul > debug.log

C:\Users\Mohammed Said\port>mkdir temp
A subdirectory or file temp already exists.

C:\Users\Mohammed Said\port>git status
On branch master

No commits yet

Untracked files:
  (use "git add <file>..." to include in what will be committed)
        .gitignore
        app.js
        index.html
        style.css

nothing added to commit but untracked files present (use "git add" to track)

C:\Users\Mohammed Said\port>git status --ignored
On branch master

No commits yet

Untracked files:
  (use "git add <file>..." to include in what will be committed)
        .gitignore
        app.js
        index.html
        style.css

Ignored files:
  (use "git add -f <file>..." to include in what will be committed)
        debug.log

nothing added to commit but untracked files present (use "git add" to track)
-----------------------------------------------------------------------------------------------------------------------------

TASK 7

C:\Users\Mohammed Said\port> cd ..

C:\Users\Mohammed Said> mkdir software

C:\Users\Mohammed Said>cd software

C:\Users\Mohammed Said\software>git init
Initialized empty Git repository in C:/Users/Mohammed Said/software/.git/

C:\Users\Mohammed Said\software>git status
On branch master

No commits yet

nothing to commit (create/copy files and use "git add" to track)

C:\Users\Mohammed Said\software> tyoe nul main.html
'tyoe' is not recognized as an internal or external command,
operable program or batch file.

C:\Users\Mohammed Said\software>type nul > main.html

C:\Users\Mohammed Said\software>type nul > style.css

C:\Users\Mohammed Said\software>type nul > notes.txt

C:\Users\Mohammed Said\software> git status
On branch master

No commits yet

Untracked files:
  (use "git add <file>..." to include in what will be committed)
        main.html
        notes.txt
        style.css

nothing added to commit but untracked files present (use "git add" to track)

C:\Users\Mohammed Said\software> git add main.html

C:\Users\Mohammed Said\software> echo Hello >> main.html

C:\Users\Mohammed Said\software>git status -s
AM main.html
?? notes.txt
?? style.css

C:\Users\Mohammed Said\software> git status --short
AM main.html
?? notes.txt
?? style.css

C:\Users\Mohammed Said\software>
-------------------------------------------------------------

task 8

C:\Users\Mohammed Said\software>cd ..

C:\Users\Mohammed Said> mkdir business

C:\Users\Mohammed Said>cd business

C:\Users\Mohammed Said\business> git init
Initialized empty Git repository in C:/Users/Mohammed Said/business/.git/

C:\Users\Mohammed Said\business>git status
On branch master

No commits yet

nothing to commit (create/copy files and use "git add" to track)

C:\Users\Mohammed Said\business> type nul > index.html

C:\Users\Mohammed Said\business>type nul > style.css

C:\Users\Mohammed Said\business>type nul > notes.txt

C:\Users\Mohammed Said\business> git status
On branch master

No commits yet

Untracked files:
  (use "git add <file>..." to include in what will be committed)
        index.html
        notes.txt
        style.css

nothing added to commit but untracked files present (use "git add" to track)

C:\Users\Mohammed Said\business> git add index.html

C:\Users\Mohammed Said\business>git status
On branch master

No commits yet

Changes to be committed:
  (use "git rm --cached <file>..." to unstage)
        new file:   index.html

Untracked files:
  (use "git add <file>..." to include in what will be committed)
        notes.txt
        style.css

------------------------------------------------------------------------------

task 9
C:\Users\Mohammed Said> mkdir project

C:\Users\Mohammed Said> cd project

C:\Users\Mohammed Said\project> git init
Initialized empty Git repository in C:/Users/Mohammed Said/project/.git/

C:\Users\Mohammed Said\project> git status
On branch master

No commits yet

nothing to commit (create/copy files and use "git add" to track)

C:\Users\Mohammed Said\project> type nul > index.html

C:\Users\Mohammed Said\project> type nul > style.css

C:\Users\Mohammed Said\project> type nul > script.js

C:\Users\Mohammed Said\project> git add -A

C:\Users\Mohammed Said\project> git status
On branch master

No commits yet

Changes to be committed:
  (use "git rm --cached <file>..." to unstage)
        new file:   index.html
        new file:   script.js
        new file:   style.css


C:\Users\Mohammed Said\project> git rm --cached index.html
rm 'index.html'

C:\Users\Mohammed Said\project>git rm --cached script.js
rm 'script.js'

C:\Users\Mohammed Said\project> git rm --cached style.css
rm 'style.css'

C:\Users\Mohammed Said\project> git status
On branch master

No commits yet

Untracked files:
  (use "git add <file>..." to include in what will be committed)
        index.html
        script.js
        style.css

nothing added to commit but untracked files present (use "git add" to track)

C:\Users\Mohammed Said\project>
-------------------------------------------------------------------------------------------
 
task 10

C:\Users\Mohammed Said> mkdir proj

C:\Users\Mohammed Said>cd proj

C:\Users\Mohammed Said\proj> git init
Initialized empty Git repository in C:/Users/Mohammed Said/proj/.git/

C:\Users\Mohammed Said\proj>git status
On branch master

No commits yet

nothing to commit (create/copy files and use "git add" to track)

C:\Users\Mohammed Said\proj> type nul > index.html

C:\Users\Mohammed Said\proj> type nul > style.css

C:\Users\Mohammed Said\proj>type nul > script.js

C:\Users\Mohammed Said\proj>type nul > README.md

C:\Users\Mohammed Said\proj> type nul > notes.txt

C:\Users\Mohammed Said\proj> git add -A

C:\Users\Mohammed Said\proj> git status
On branch master

No commits yet

Changes to be committed:
  (use "git rm --cached <file>..." to unstage)
        new file:   README.md
        new file:   index.html
        new file:   notes.txt
        new file:   script.js
        new file:   style.css


C:\Users\Mohammed Said\proj> echo hello > style.css

C:\Users\Mohammed Said\proj> type nul > draft.txt

C:\Users\Mohammed Said\proj>git status
On branch master

No commits yet

Changes to be committed:
  (use "git rm --cached <file>..." to unstage)
        new file:   README.md
        new file:   index.html
        new file:   notes.txt
        new file:   script.js
        new file:   style.css

Changes not staged for commit:
  (use "git add <file>..." to update what will be committed)
  (use "git restore <file>..." to discard changes in working directory)
        modified:   style.css

Untracked files:
  (use "git add <file>..." to include in what will be committed)
        draft.txt


C:\Users\Mohammed Said\proj> git rm --cached notes.txt
rm 'notes.txt'

C:\Users\Mohammed Said\proj>git status --short
A  README.md
A  index.html
A  script.js
AM style.css
?? draft.txt
?? notes.txt

C:\Users\Mohammed Said\proj> git status -s
A  README.md
A  index.html
A  script.js
AM style.css
?? draft.txt
?? notes.txt

C:\Users\Mohammed Said\proj>
----------------------------------------------------------------------------------------------------------------









































